Turbo Assembler	 Version 4.1	    03/25/26 22:04:36	    Page 1
p6.ASM



      1				     ; Лабораторная	работа №6, вариант 6
      2				     ; N = (a +	c) * (b	+ c) / w + c + w
      3				     ; Вычисление над целыми	и действительными числами
      4
      5	0000			     .MODEL SMALL
      6	0000			     .STACK 100h
      7
      8	0000			     .DATA
      9					 ; Целые числа (word)
     10	0000  000A			 a_w	DW  10	     ; целое a
     11	0002  0004			 b_w	DW  4	     ; целое b
     12	0004  0014			 c_w	DW  20	     ; целое c
     13	0006  0003			 f_w	DW  3	     ; целое f (не используется в этом		    +
     14				     варианте)
     15	0008  0002			 w_w	DW  2	     ; целое w
     16
     17					 ; Действительные	числа (double)
     18	000A  41200000			 a_d	DD  10.0     ; действительное a
     19	000E  40800000			 b_d	DD  4.0	     ; действительное b
     20	0012  41A00000			 c_d	DD  20.0     ; действительное c
     21	0016  40000000			 w_d	DD  2.0	     ; действительное w
     22
     23					 ; Результаты
     24	001A  ????			 N_w	DW  ?	     ; целый результат
     25	001C  ????????			 N_d	DD  ?	     ; действительный результат
     26
     27					 ; Строки	для вывода
     28	0020  49 6E 74 65 67 65	72+	 msg_int    DB 'Integer	result:	$'
     29	      20 72 65 73 75 6C	74+
     30	      3A 20 24
     31	0031  52 65 61 6C 20 72	65+	 msg_real   DB 'Real result: $'
     32	      73 75 6C 74 3A 20	24
     33	003F  0D 0A 24			 newline    DB 13,10,'$'
     34
     35					 ; Временные переменные
     36	0042  ????			 temp1_w    DW	?      ; временное хранение для целых
     37	0044  ????			 temp2_w    DW	?      ; временное хранение для целых
     38	0046  ????????			 temp1_d    DD	?      ; временное хранение для			    +
     39				     действительных
     40	004A  ????????			 temp2_d    DD	?      ; временное хранение для			    +
     41				     действительных
     42
     43	004E			     .CODE
     44	0000			     START:
     45	0000  B8 0000s			 mov ax, @DATA
     46	0003  8E D8			 mov ds, ax
     47
     48					 ; ========================================
     49					 ; Часть 1: Вычисление над целыми числами
     50					 ; N = (a + c) * (b + c) / w + c + w
     51					 ; ========================================
     52
     53	0005  9B DB E3			 finit			  ; инициализация FPU
     54
     55					 ; Вычисляем (a + c)
     56	0008  9B DF 06 0000r		 fild	 a_w		  ; ST(0) = a
     57	000D  9B DF 06 0004r		 fild	 c_w		  ; ST(0) = c, ST(1) = a
Turbo Assembler	 Version 4.1	    03/25/26 22:04:36	    Page 2
p6.ASM



     58	0012  9B DE C1			 fadd			 ; ST(0) = a + c
     59	0015  9B DF 1E 0042r		 fistp	 temp1_w	  ; сохраняем (a + c)
     60
     61					 ; Вычисляем (b + c)
     62	001A  9B DF 06 0002r		 fild	 b_w		  ; ST(0) = b
     63	001F  9B DF 06 0004r		 fild	 c_w		  ; ST(0) = c, ST(1) = b
     64	0024  9B DE C1			 fadd			 ; ST(0) = b + c
     65	0027  9B DF 1E 0044r		 fistp	 temp2_w	  ; сохраняем (b + c)
     66
     67					 ; Умножаем (a + c) * (b + c)
     68	002C  9B DF 06 0042r		 fild	 temp1_w	  ; ST(0) = (a + c)
     69	0031  9B DF 06 0044r		 fild	 temp2_w	  ; ST(0) = (b + c), ST(1) = (a	+ c)
     70	0036  9B DE C9			 fmul			 ; ST(0) = (a +	c) * (b	+ c)
     71
     72					 ; Делим на w
     73	0039  9B DF 06 0008r		 fild	 w_w		  ; ST(0) = w, ST(1) = (a+c)*(b+c)
     74	003E  9B DE F9			 fdiv			 ; ST(0) = (a+c)*(b+c) / w
     75
     76					 ; Прибавляем	c
     77	0041  9B DF 06 0004r		 fild	 c_w		  ; ST(0) = c, ST(1) = результат деления
     78	0046  9B DE C1			 fadd			 ; ST(0) = (a+c)*(b+c)/w + c
     79
     80					 ; Прибавляем	w
     81	0049  9B DF 06 0008r		 fild	 w_w		  ; ST(0) = w, ST(1) = предыдущий результат
     82	004E  9B DE C1			 fadd			 ; ST(0) = (a+c)*(b+c)/w + c + w
     83
     84					 ; Сохраняем целый результат
     85	0051  9B DF 1E 001Ar		 fistp	 N_w		  ; сохраняем в N_w
     86
     87					 ; ========================================
     88					 ; Часть 2: Вычисление над действительными числами
     89					 ; N = (a + c) * (b + c) / w + c + w
     90					 ; ========================================
     91
     92	0056  9B DB E3			 finit			  ; очищаем FPU
     93
     94					 ; Вычисляем (a + c)
     95	0059  9B D9 06 000Ar		 fld	 a_d		  ; ST(0) = a
     96	005E  9B D9 06 0012r		 fld	 c_d		  ; ST(0) = c, ST(1) = a
     97	0063  9B DE C1			 fadd			 ; ST(0) = a + c
     98	0066  9B D9 1E 0046r		 fstp	 temp1_d	  ; сохраняем (a + c)
     99
    100					 ; Вычисляем (b + c)
    101	006B  9B D9 06 000Er		 fld	 b_d		  ; ST(0) = b
    102	0070  9B D9 06 0012r		 fld	 c_d		  ; ST(0) = c, ST(1) = b
    103	0075  9B DE C1			 fadd			 ; ST(0) = b + c
    104	0078  9B D9 1E 004Ar		 fstp	 temp2_d	  ; сохраняем (b + c)
    105
    106					 ; Умножаем (a + c) * (b + c)
    107	007D  9B D9 06 0046r		 fld	 temp1_d	  ; ST(0) = (a + c)
    108	0082  9B D9 06 004Ar		 fld	 temp2_d	  ; ST(0) = (b + c), ST(1) = (a	+ c)
    109	0087  9B DE C9			 fmul			 ; ST(0) = (a +	c) * (b	+ c)
    110
    111					 ; Делим на w
    112	008A  9B D9 06 0016r		 fld	 w_d		  ; ST(0) = w, ST(1) = (a+c)*(b+c)
    113	008F  9B DE F9			 fdiv			 ; ST(0) = (a+c)*(b+c) / w
    114
Turbo Assembler	 Version 4.1	    03/25/26 22:04:36	    Page 3
p6.ASM



    115					 ; Прибавляем	c
    116	0092  9B D9 06 0012r		 fld	 c_d		  ; ST(0) = c, ST(1) = результат деления
    117	0097  9B DE C1			 fadd			 ; ST(0) = (a+c)*(b+c)/w + c
    118
    119					 ; Прибавляем	w
    120	009A  9B D9 06 0016r		 fld	 w_d		  ; ST(0) = w, ST(1) = предыдущий результат
    121	009F  9B DE C1			 fadd			 ; ST(0) = (a+c)*(b+c)/w + c + w
    122
    123					 ; Сохраняем действительный результат
    124	00A2  9B D9 1E 001Cr		 fstp	 N_d		  ; сохраняем в N_d
    125
    126					 ; ========================================
    127					 ; Вывод результатов
    128					 ; ========================================
    129
    130					 ; Вывод целого результата
    131	00A7  B4 09			 mov	 ah, 9
    132	00A9  BA 0020r			 lea	 dx, msg_int
    133	00AC  CD 21			 int	 21h
    134
    135	00AE  A1 001Ar			 mov	 ax, N_w
    136	00B1  E8 002A			 call	 WriteInt
    137
    138	00B4  B4 09			 mov	 ah, 9
    139	00B6  BA 003Fr			 lea	 dx, newline
    140	00B9  CD 21			 int	 21h
    141
    142					 ; Вывод действительного результата
    143	00BB  B4 09			 mov	 ah, 9
    144	00BD  BA 0031r			 lea	 dx, msg_real
    145	00C0  CD 21			 int	 21h
    146
    147					 ; Преобразуем float	в целое для вывода
    148	00C2  9B DB E3			 finit
    149	00C5  9B D9 06 001Cr		 fld	 N_d
    150	00CA  9B DF 1E 001Ar		 fistp	 N_w
    151
    152	00CF  A1 001Ar			 mov	 ax, N_w
    153	00D2  E8 0009			 call	 WriteInt
    154
    155					 ; Ожидание нажатия клавиши
    156	00D5  B4 00			 mov	 ah, 0
    157	00D7  CD 16			 int	 16h
    158
    159					 ; Выход в DOS
    160	00D9  B8 4C00			 mov	 ax, 4C00h
    161	00DC  CD 21			 int	 21h
    162
    163				     ; ========================================
    164				     ; Процедура вывода целого числа (ax)
    165				     ; ========================================
    166	00DE			     WriteInt proc
    167	00DE  50			 push	 ax
    168	00DF  53			 push	 bx
    169	00E0  51			 push	 cx
    170	00E1  52			 push	 dx
    171
Turbo Assembler	 Version 4.1	    03/25/26 22:04:36	    Page 4
p6.ASM



    172	00E2  BB 000A			 mov	 bx, 10
    173	00E5  33 C9			 xor	 cx, cx
    174
    175	00E7  3D 0000			 cmp	 ax, 0
    176	00EA  7D 0A			 jge	 @wi_positive
    177	00EC  F7 D8			 neg	 ax
    178	00EE  50			 push	 ax
    179	00EF  B4 02			 mov	 ah, 2
    180	00F1  B2 2D			 mov	 dl, '-'
    181	00F3  CD 21			 int	 21h
    182	00F5  58			 pop	 ax
    183
    184	00F6			     @wi_positive:
    185	00F6  33 D2			 xor	 dx, dx
    186	00F8  F7 F3			 div	 bx
    187	00FA  52			 push	 dx
    188	00FB  41			 inc	 cx
    189	00FC  3D 0000			 cmp	 ax, 0
    190	00FF  75 F5			 jne	 @wi_positive
    191
    192	0101			     @wi_print:
    193	0101  5A			 pop	 dx
    194	0102  80 C2 30			 add	 dl, '0'
    195	0105  B4 02			 mov	 ah, 2
    196	0107  CD 21			 int	 21h
    197	0109  E2 F6			 loop	 @wi_print
    198
    199	010B  5A			 pop	 dx
    200	010C  59			 pop	 cx
    201	010D  5B			 pop	 bx
    202	010E  58			 pop	 ax
    203	010F  C3			 ret
    204	0110			     WriteInt endp
    205
    206				     END START
